// Jest Snapshot v1, https://goo.gl/fbAQLP

exports[`Volunteer login should render my component 1`] = `
Array [
  <div
    className="container"
    style={
      Object {
        "height": "320vh",
        "marginTop": "4rem",
      }
    }
  >
    <div
      className="row"
    >
      <div
        className="col s8 offset-s2"
      >
        <Link
          className="btn-flat waves-effect"
          to="/"
        >
          <h5>
            <i
              className="material-icons left"
            >
              keyboard_backspace
            </i>
            Back To Home
          </h5>
        </Link>
        <div
          className="col s12"
          style={
            Object {
              "paddingLeft": "11.250px",
            }
          }
        >
          <h4>
            <b>
              Login
            </b>
             below
          </h4>
        </div>
      </div>
    </div>
    <div
      className="formDiv"
    >
      <h3
        style={
          Object {
            "textAlign": "center",
          }
        }
      >
        Volunteer Login Form 
      </h3>
      <div>
        <Container
          fluid={false}
        >
          <form
            onSubmit={[Function]}
          >
            <div>
              <label
                htmlFor="emailId"
              >
                <b
                  style={
                    Object {
                      "color": "darkgreen",
                    }
                  }
                >
                  Email Id
                </b>
                <b
                  style={
                    Object {
                      "color": "red",
                    }
                  }
                >
                  *
                </b>
              </label>
              <input
                className=""
                name="emailId"
                onChange={[Function]}
                placeholder="Your email id.."
                type="text"
                value=""
              />
            </div>
            <div>
              <label
                htmlFor="password"
              >
                <b
                  style={
                    Object {
                      "color": "darkgreen",
                    }
                  }
                >
                  Password
                </b>
                <b
                  style={
                    Object {
                      "color": "red",
                    }
                  }
                >
                  *
                </b>
              </label>
              <br />
              <input
                className=""
                name="password"
                onChange={[Function]}
                placeholder="Enter the Password.."
                type="password"
                value=""
              />
            </div>
            <div
              style={
                Object {
                  "textAlign": "center",
                }
              }
            >
              <input
                type="submit"
                value="Login"
              />
            </div>
          </form>
          <p
            className="grey-text text-darken-1"
          >
            Don't have an account? 
            <Link
              to="/VolunteerRegistration"
            >
              Register
            </Link>
          </p>
          <Link
            to="/volunteerforgetpassword"
          >
            Forgot password?
          </Link>
        </Container>
      </div>
    </div>
  </div>,
]
`;
