// Jest Snapshot v1, https://goo.gl/fbAQLP

exports[`CustomerDashboard should render my component 1`] = `
Array [
  <React.Fragment>
    <Modal
      animation={true}
      autoFocus={true}
      backdrop={true}
      dialogAs={
        Object {
          "$$typeof": Symbol(react.forward_ref),
          "render": [Function],
        }
      }
      enforceFocus={true}
      keyboard={true}
      onHide={[Function]}
      restoreFocus={true}
      show={false}
    >
      <ModalHeader
        closeButton={true}
        closeLabel="Close"
      >
        <ModalTitle>
          Register Your Task
        </ModalTitle>
      </ModalHeader>
      <ModalBody>
         
        <p />
      </ModalBody>
      <ModalFooter>
        <Button
          active={false}
          disabled={false}
          onClick={[Function]}
          variant="secondary"
        >
           Confirm
        </Button>
        <Button
          active={false}
          disabled={false}
          onClick={[Function]}
          variant="primary"
        >
          Close
        </Button>
      </ModalFooter>
    </Modal>
    <styled.div>
      <NavigationBar />
      <h1
        className="head"
      >
        CUSTOMER DASHBOARD
      </h1>
      <section
        className="about"
        id="about"
      >
        <div
          className="container"
        >
          <div
            className="content"
          >
            <div
              className="box wow bounceInUp"
            >
              <div
                className="inner"
              >
                <div
                  className="img"
                >
                  <img
                    alt="img"
                    height="200px "
                    src="cus1.jpg"
                    width="100px"
                  />
                </div>
                <div
                  className="text"
                >
                  <h4>
                    Medical Services
                  </h4>
                  <label
                    className="Choose"
                    for="medical"
                  >
                    Choose a service:
                  </label>
                  <div
                    className="service"
                    id="ambulance"
                    onClick={[Function]}
                  >
                     
                    <img
                      alt="img"
                      className="options"
                      height="80px "
                      name="ambulance"
                      onClick={[Function]}
                      src="service1.jpg"
                      width="80px"
                    />
                     Ambulance
                  </div>
                  <div
                    className="service"
                    id="hospital-visit"
                    onClick={[Function]}
                  >
                     
                    <img
                      alt="img"
                      className="options"
                      height="80px "
                      name="hospital-visit"
                      onClick={[Function]}
                      src="service2.jpg"
                      width="80px"
                    />
                    Hospital Visit
                  </div>
                  <div
                    className="service"
                    id="medicine-delivery"
                    onClick={[Function]}
                  >
                     
                    <img
                      alt="img"
                      className="options"
                      height="80px "
                      name="medicine-delivery"
                      onClick={[Function]}
                      src="medicine-service.png"
                      width="80px"
                    />
                     Medicine delivery
                  </div>
                </div>
              </div>
            </div>
            <div
              className="box wow bounceInUp"
            >
              <div
                className="inner"
              >
                <div
                  className="img"
                >
                  <img
                    alt="img"
                    height="200px "
                    src="cus3.jpg"
                    width="100px"
                  />
                </div>
                <div
                  className="text"
                >
                  <h4>
                    Assistance In Household
                  </h4>
                  <label
                    className="Choose"
                  >
                    Choose a service:
                  </label>
                  <div
                    className="service"
                    id="house-cleaning"
                    onClick={[Function]}
                  >
                     
                    <img
                      alt="img"
                      className="options"
                      height="80px "
                      name="house-cleaning"
                      onClick={[Function]}
                      src="housecleaning.png"
                      width="80px"
                    />
                     House Cleaning
                  </div>
                  <div
                    className="service"
                    id="grocery-delivery"
                    onClick={[Function]}
                  >
                     
                    <img
                      alt="img"
                      className="options"
                      height="80px "
                      name="grocery-delivery"
                      onClick={[Function]}
                      src="grocery.png"
                      width="80px"
                    />
                     Grocery Delivery
                  </div>
                  <div
                    className="service"
                    id="plumber-facility"
                    onClick={[Function]}
                  >
                     
                    <img
                      alt="img"
                      className="options"
                      height="80px "
                      name="plumber-facility"
                      onClick={[Function]}
                      src="plumbing-service.png"
                      width="80px"
                    />
                     Plumber facility
                  </div>
                </div>
              </div>
            </div>
            <div
              class="box wow bounceInUp"
              data-wow-delay="0.4s"
            >
              <div
                class="inner"
              >
                <div
                  class="img"
                >
                  <img
                    alt="img"
                    height="200px "
                    src="cus2.jpg"
                    width="100px"
                  />
                </div>
                <div
                  class="text"
                >
                  <h4>
                    Transportation
                  </h4>
                  <div
                    className="submitdiv"
                  >
                    <label
                      className="Choose"
                      for="medical"
                    >
                      Choose a service:
                    </label>
                    <div
                      className="service"
                      id="morning-walk"
                      onClick={[Function]}
                    >
                       
                      <img
                        alt="img"
                        className="options"
                        height="80px "
                        name="morning-walk"
                        onClick={[Function]}
                        src="morning.png"
                        width="80px"
                      />
                       Morning Walk
                    </div>
                    <div
                      className="service"
                      id="evening-walk"
                      onClick={[Function]}
                    >
                       
                      <img
                        alt="img"
                        className="options"
                        height="80px "
                        name="evening-walk"
                        onClick={[Function]}
                        src="evening.jpg"
                        width="80px"
                      />
                       Evening Walk
                    </div>
                    <div
                      className="service"
                      id="locomotive-service"
                      onClick={[Function]}
                    >
                       
                      <img
                        alt="img"
                        className="options"
                        height="80px "
                        name="locomotive-service"
                        onClick={[Function]}
                        src="walk.png"
                        width="80px"
                      />
                       Locomotive Service
                    </div>
                    <div
                      class="dropdown"
                    />
                  </div>
                </div>
              </div>
            </div>
          </div>
        </div>
      </section>
      <h1
        className="heading2"
      >
        Facilities 
      </h1>
      <p
        className="list"
      >
        Self Help offers the best care taker and is proud to provide the professionals at your doorstep to your home though a few simple steps. Self Help provide the amazing team of medical and regular task representatives that offer a wide variety of services to your home backed by the excellent standard of care you expect from the best hospital in India, right within the comforts of your own home. Help with the activities of walking, house cleaning, delivery, or locomotive services, is called personal or custodial care. Home health aides can provide personal care services that range from a few hours a day to around-the-clock live-in care.  They may also provide limited assistance with things such as taking blood pressure or offering medication reminders.
      </p>
    </styled.div>
    <Footer />
  </React.Fragment>,
]
`;
