// Jest Snapshot v1, https://goo.gl/fbAQLP

exports[`CustomerDashboard_Task should render  1`] = `
Array [
  <React.Fragment>
    <NavigationBar />
    <styled.div>
      <h1>
        YOUR PREVIOUSLY BOOKED SERVICES
      </h1>
      <Form
        inline={false}
      >
        <FormRow>
          <FormGroup
            as={
              Object {
                "$$typeof": Symbol(react.forward_ref),
                "render": [Function],
              }
            }
            controlId="formGridState"
          >
            <FormLabel
              column={false}
              srOnly={false}
            >
              Task Status
            </FormLabel>
            <FormControl
              as="select"
              defaultValue="unassigned"
              onChange={[Function]}
            >
              <option
                selected={true}
                value="unassigned"
              >
                UnAssigned
              </option>
              <option
                value="assigned"
              >
                Assigned
              </option>
            </FormControl>
          </FormGroup>
          <FormGroup
            as={
              Object {
                "$$typeof": Symbol(react.forward_ref),
                "render": [Function],
              }
            }
            controlId="formGridState"
          >
            <FormLabel
              column={false}
              srOnly={false}
            >
              Service
            </FormLabel>
            <FormControl
              as="select"
              defaultValue="ambulance"
              onChange={[Function]}
            >
              <option
                selected={true}
                value="ambulance"
              >
                Ambulance
              </option>
              <option
                selected={true}
                value="medicine-delivery"
              >
                Medicine Delivery
              </option>
              <option
                value="hospital-visit"
              >
                Hospital Visit
              </option>
              <option
                selected={true}
                value="grocery-delivery"
              >
                Grocery Delivery
              </option>
              <option
                selected={true}
                value="house-cleaning"
              >
                House Cleaning
              </option>
              <option
                selected={true}
                value="plumber-facility"
              >
                Plumber facility
              </option>
              <option
                selected={true}
                value="morning-walk"
              >
                Morning Walk
              </option>
              <option
                selected={true}
                value="evening-walk"
              >
                Evening Walk
              </option>
              <option
                selected={true}
                value="locomotive-service"
              >
                Locomotive Service
              </option>
            </FormControl>
          </FormGroup>
          <Button
            active={false}
            className="buttons1"
            disabled={false}
            onClick={[Function]}
            size="lg"
            variant="primary"
          >
            Click To Get Task
          </Button>
        </FormRow>
      </Form>
      <ForwardRef
        condensed={true}
        hover={true}
        striped={true}
      >
        <thead>
          <tr>
            <th>
              Service Name
            </th>
            <th>
              Service status
            </th>
            <th>
              Volunteer Name
            </th>
            <th>
              Volunteer Phone Number
            </th>
            <th>
              Date of Booking
            </th>
          </tr>
        </thead>
        <tbody />
      </ForwardRef>
    </styled.div>
  </React.Fragment>,
]
`;
