// Jest Snapshot v1, https://goo.gl/fbAQLP

exports[`VolunteerTask should render  1`] = `
Array [
  <React.Fragment>
    <styled.div>
      <Volnavbar />
      <div
        className="section1"
      >
        <h1
          className="head"
        >
          COMPLETED TASKS
        </h1>
        <Button
          active={false}
          className="buttons1"
          disabled={false}
          onClick={[Function]}
          size="lg"
          variant="primary"
        >
          Click To Get Task
        </Button>
        <ForwardRef
          bordered={true}
          className="table"
          hover={true}
          striped={true}
          variant="dark"
        >
          <thead>
            <tr>
              <th>
                Task
              </th>
              <th>
                Customer Name
              </th>
              <th>
                Customer Phone Number
              </th>
            </tr>
          </thead>
          <tbody />
        </ForwardRef>
        <o
          activeClassName="active"
          breakClassName="break-me"
          breakLabel="..."
          containerClassName="pagination"
          disableInitialCallback={false}
          disabledClassName="disabled"
          eventListener="onClick"
          marginPagesDisplayed={2}
          nextAriaLabel="Next page"
          nextClassName="next"
          nextLabel="next"
          nextRel="next"
          onPageChange={[Function]}
          pageCount={0}
          pageLabelBuilder={[Function]}
          pageRangeDisplayed={5}
          prevRel="prev"
          previousAriaLabel="Previous page"
          previousClassName="previous"
          previousLabel="prev"
          subContainerClassName="pages pagination"
        />
      </div>
    </styled.div>
    <Footer />
  </React.Fragment>,
]
`;
