// Jest Snapshot v1, https://goo.gl/fbAQLP

exports[`register customer should render my component 1`] = `
Array [
  <React.Fragment>
    <div
      className="container"
      style={
        Object {
          "height": "320vh",
          "marginTop": "4rem",
        }
      }
    >
      <div
        className="row"
      >
        <div
          className="col s8 offset-s2"
        >
          <Link
            className="btn-flat waves-effect"
            to="/"
          >
            <h5>
              <i
                className="material-icons left"
              >
                keyboard_backspace
              </i>
              Back To Home
            </h5>
          </Link>
          <div
            className="col s12"
            style={
              Object {
                "paddingLeft": "11.250px",
              }
            }
          >
            <h4>
              <b>
                Register
              </b>
               below
            </h4>
            <p
              className="grey-text text-darken-1"
            >
              Already have an account? 
              <Link
                to="/Login"
              >
                Log in
              </Link>
            </p>
          </div>
        </div>
      </div>
      <div
        className="formDiv"
      >
        <h3
          style={
            Object {
              "textAlign": "center",
            }
          }
        >
          Customer Registration Form 
        </h3>
        <div>
          <Container
            fluid={false}
          >
            <form
              onSubmit={[Function]}
            >
              <div>
                <h5
                  style={
                    Object {
                      "color": "yellowgreen",
                    }
                  }
                >
                  <b>
                    Personal details
                  </b>
                </h5>
              </div>
              <div>
                <label
                  htmlFor="firstName"
                >
                  <b
                    style={
                      Object {
                        "color": "darkgreen",
                      }
                    }
                  >
                    First Name
                  </b>
                  <b
                    style={
                      Object {
                        "color": "red",
                      }
                    }
                  >
                    *
                  </b>
                </label>
                <input
                  className=""
                  name="firstName"
                  onChange={[Function]}
                  placeholder="Your First name.."
                  type="text"
                  value=""
                />
              </div>
              <div>
                <label
                  htmlFor="lastName"
                >
                  <b
                    style={
                      Object {
                        "color": "darkgreen",
                      }
                    }
                  >
                    Last Name
                  </b>
                  <b
                    style={
                      Object {
                        "color": "red",
                      }
                    }
                  >
                    *
                  </b>
                </label>
                <input
                  className=""
                  name="lastName"
                  onChange={[Function]}
                  placeholder="Your Last name.."
                  type="text"
                  value=""
                />
              </div>
              <div>
                <label
                  htmlFor="emailId"
                >
                  <b
                    style={
                      Object {
                        "color": "darkgreen",
                      }
                    }
                  >
                    Email Id
                  </b>
                  <b
                    style={
                      Object {
                        "color": "red",
                      }
                    }
                  >
                    *
                  </b>
                </label>
                <input
                  className=""
                  name="emailId"
                  onChange={[Function]}
                  placeholder="Your email id.."
                  type="text"
                  value=""
                />
              </div>
              <div>
                <label
                  htmlFor="text"
                >
                  <b
                    style={
                      Object {
                        "color": "darkgreen",
                      }
                    }
                  >
                    Date Of Birth
                  </b>
                  <b
                    style={
                      Object {
                        "color": "red",
                      }
                    }
                  >
                    *
                  </b>
                </label>
                <br />
                <input
                  className=""
                  name="dob"
                  onChange={[Function]}
                  placeholder="DD/MM/YYYY.."
                  type="Date"
                  value=""
                />
              </div>
              <div>
                <label
                  htmlFor="gender"
                >
                  <b
                    style={
                      Object {
                        "color": "darkgreen",
                      }
                    }
                  >
                    Gender
                  </b>
                  <b
                    style={
                      Object {
                        "color": "red",
                      }
                    }
                  >
                    *
                  </b>
                </label>
                <select
                  className=""
                  name="gender"
                  onChange={[Function]}
                  value="select"
                >
                  <option
                    value="select"
                  >
                    --Select--
                  </option>
                  <option
                    value="male"
                  >
                    Male
                  </option>
                  <option
                    value="female"
                  >
                    Female
                  </option>
                  <option
                    value="other"
                  >
                    Other
                  </option>
                </select>
              </div>
              <div>
                <label
                  htmlFor="phoneNumber"
                >
                  <b
                    style={
                      Object {
                        "color": "darkgreen",
                      }
                    }
                  >
                    Phone Number
                  </b>
                  <b
                    style={
                      Object {
                        "color": "red",
                      }
                    }
                  >
                    *
                  </b>
                </label>
                <input
                  className=""
                  name="phoneNumber"
                  onChange={[Function]}
                  placeholder="Your phone number.."
                  type="text"
                  value=""
                />
              </div>
              <div>
                <b
                  style={
                    Object {
                      "color": "darkgreen",
                    }
                  }
                >
                  Identity Proof
                </b>
                <b
                  style={
                    Object {
                      "color": "red",
                    }
                  }
                >
                  *
                </b>
                <br />
                <br />
                <input
                  className=""
                  name="idProof"
                  onChange={[Function]}
                  type="file"
                  value=""
                />
              </div>
              <br />
              <div>
                <div>
                  <label
                    htmlFor="address"
                  >
                    <b
                      style={
                        Object {
                          "color": "darkgreen",
                        }
                      }
                    >
                      Address
                    </b>
                    <b
                      style={
                        Object {
                          "color": "red",
                        }
                      }
                    >
                      *
                    </b>
                  </label>
                  <input
                    className=""
                    name="address"
                    onChange={[Function]}
                    placeholder="Your address.."
                    type="text"
                    value=""
                  />
                </div>
                <div>
                  <label
                    htmlFor="country"
                  >
                    <b
                      style={
                        Object {
                          "color": "darkgreen",
                        }
                      }
                    >
                      Country
                    </b>
                    <b
                      style={
                        Object {
                          "color": "red",
                        }
                      }
                    >
                      *
                    </b>
                  </label>
                  <CountryDropdown
                    blacklist={Array []}
                    classes=""
                    defaultOptionLabel="Select Country"
                    disabled={false}
                    id=""
                    labelType="full"
                    name="rcrs-country"
                    onBlur={[Function]}
                    onChange={[Function]}
                    priorityOptions={Array []}
                    showDefaultOption={true}
                    value=""
                    valueType="full"
                    whitelist={Array []}
                  />
                </div>
                <div>
                  <label
                    htmlFor="state"
                  >
                    <b
                      style={
                        Object {
                          "color": "darkgreen",
                        }
                      }
                    >
                      State
                    </b>
                    <b
                      style={
                        Object {
                          "color": "red",
                        }
                      }
                    >
                      *
                    </b>
                  </label>
                  <RegionDropdown
                    blacklist={Object {}}
                    blankOptionLabel="-"
                    classes=""
                    country=""
                    countryValueType="full"
                    customOptions={Array []}
                    defaultOptionLabel="Select Region"
                    disableWhenEmpty={false}
                    disabled={false}
                    id=""
                    labelType="full"
                    name="rcrs-region"
                    onBlur={[Function]}
                    onChange={[Function]}
                    showDefaultOption={true}
                    value=""
                    valueType="full"
                    whitelist={Object {}}
                  />
                </div>
                <div>
                  <label
                    htmlFor="city"
                  >
                    <b
                      style={
                        Object {
                          "color": "darkgreen",
                        }
                      }
                    >
                      City
                    </b>
                    <b
                      style={
                        Object {
                          "color": "red",
                        }
                      }
                    >
                      *
                    </b>
                  </label>
                  <input
                    name="city"
                    onChange={[Function]}
                    type="text"
                    value=""
                  />
                </div>
              </div>
              <div>
                <label
                  htmlFor="zipCode"
                >
                  <b
                    style={
                      Object {
                        "color": "darkgreen",
                      }
                    }
                  >
                    Zip Code
                  </b>
                  <b
                    style={
                      Object {
                        "color": "red",
                      }
                    }
                  >
                    *
                  </b>
                </label>
                <input
                  className=""
                  name="zipCode"
                  onChange={[Function]}
                  placeholder="Your Zip Code.."
                  type="text"
                  value=""
                />
              </div>
              <div>
                <h5
                  style={
                    Object {
                      "color": "purple",
                    }
                  }
                >
                  <b>
                    Nominee details
                  </b>
                </h5>
              </div>
              <div>
                <label
                  htmlFor="nomineeFname"
                >
                  <b
                    style={
                      Object {
                        "color": "darkgreen",
                      }
                    }
                  >
                    First Name
                  </b>
                </label>
                <input
                  className=""
                  name="nomineeFname"
                  onChange={[Function]}
                  placeholder="Nominee First Name.."
                  type="text"
                  value=""
                />
              </div>
              <div>
                <label
                  htmlFor="nomineeLname"
                >
                  <b
                    style={
                      Object {
                        "color": "darkgreen",
                      }
                    }
                  >
                    Last Name
                  </b>
                </label>
                <input
                  className=""
                  name="nomineeLname"
                  onChange={[Function]}
                  placeholder="Nominee Last Name.."
                  type="text"
                  value=""
                />
              </div>
              <div>
                <label
                  htmlFor="relation"
                >
                  <b
                    style={
                      Object {
                        "color": "darkgreen",
                      }
                    }
                  >
                    Relation
                  </b>
                </label>
                <input
                  className=""
                  name="relation"
                  onChange={[Function]}
                  placeholder="relation..."
                  type="text"
                  value=""
                />
              </div>
              <div>
                <label
                  htmlFor="nomineePnumber"
                >
                  <b
                    style={
                      Object {
                        "color": "darkgreen",
                      }
                    }
                  >
                    Phone Number
                  </b>
                </label>
                <input
                  className=""
                  name="nomineePnumber"
                  onChange={[Function]}
                  placeholder="Phone Number.."
                  type="text"
                  value=""
                />
              </div>
              <div>
                <label
                  htmlFor="password"
                >
                  <b
                    style={
                      Object {
                        "color": "darkgreen",
                      }
                    }
                  >
                    Password
                  </b>
                  <b
                    style={
                      Object {
                        "color": "red",
                      }
                    }
                  >
                    *
                  </b>
                </label>
                <input
                  className=""
                  name="password"
                  onChange={[Function]}
                  placeholder="password.."
                  type="Password"
                  value=""
                />
                <div />
                <div>
                  <label
                    htmlFor="password2"
                  >
                    <b
                      style={
                        Object {
                          "color": "darkgreen",
                        }
                      }
                    >
                      Confirm Password
                    </b>
                    <b
                      style={
                        Object {
                          "color": "red",
                        }
                      }
                    >
                      *
                    </b>
                  </label>
                  <input
                    className=""
                    name="password2"
                    onChange={[Function]}
                    placeholder="confirm password.."
                    type="Password"
                    value=""
                  />
                </div>
              </div>
              <div
                style={
                  Object {
                    "textAlign": "center",
                  }
                }
              >
                <input
                  type="submit"
                  value="Register"
                />
              </div>
            </form>
          </Container>
        </div>
      </div>
    </div>
  </React.Fragment>,
]
`;
