// Jest Snapshot v1, https://goo.gl/fbAQLP

exports[`Forget password  should render my component 1`] = `
Array [
  <div
    className="forgotpassword-screen"
  >
    <form
      className="forgotpassword-screen__form"
      onSubmit={[Function]}
    >
      <h3
        className="forgotpassword-screen__title"
      >
        Forgot Password
      </h3>
      
      
      <div
        className="form-group"
      >
        <p
          className="forgotpassword-screen__subtext"
        >
          Please enter the email address you register your account with. We will send you reset password confirmation to this email
        </p>
        <label
          htmlFor="email"
        >
          Email:
        </label>
        <input
          id="email"
          onChange={[Function]}
          placeholder="Email address"
          required={true}
          type="email"
          value=""
        />
      </div>
      <button
        className="btn btn-primary"
        type="submit"
      >
        Send Email
      </button>
    </form>
  </div>,
]
`;
