// Jest Snapshot v1, https://goo.gl/fbAQLP

exports[`Reset password  should render my component 1`] = `
Array [
  <div
    className="resetpassword-screen"
  >
    <form
      className="resetpassword-screen__form"
      onSubmit={[Function]}
    >
      <h3
        className="resetpassword-screen__title"
      >
        Forgot Password
      </h3>
      
      
      <div
        className="form-group"
      >
        <label
          htmlFor="password"
        >
          New Password:
        </label>
        <input
          autoComplete="true"
          id="password"
          onChange={[Function]}
          placeholder="Enter new password"
          required={true}
          type="password"
          value=""
        />
      </div>
      <div
        className="form-group"
      >
        <label
          htmlFor="confirmpassword"
        >
          Confirm New Password:
        </label>
        <input
          autoComplete="true"
          id="confirmpassword"
          onChange={[Function]}
          placeholder="Confirm new password"
          required={true}
          type="password"
          value=""
        />
      </div>
      <button
        className="btn btn-primary"
        type="submit"
      >
        Reset Password
      </button>
    </form>
  </div>,
]
`;
