// Jest Snapshot v1, https://goo.gl/fbAQLP

exports[`register customer should render my component 1`] = `
Array [
  <styled.div>
    <Navbar
      collapseOnSelect={false}
      expand="lg"
      variant="light"
    >
      <NavbarBrand>
        <img
          className="d-inline align-top"
          height="60"
          src="mylogo.png"
          width="60"
        />
        SELF HELP
        <br />
        <h5
          className="heading"
        >
          A Helping Hand
        </h5>
      </NavbarBrand>
      <NavbarToggle
        aria-controls="basic-navbar-nav"
        label="Toggle navigation"
      />
      <NavbarCollapse
        id="basic-navbar-nav"
      >
        <Nav
          className="mr-auto"
          fill={false}
          justify={false}
        >
          <NavLink
            activeClassName="active"
            className="inactive mx-2"
            exact={true}
            to="/CustomerDashboard"
          >
            Home
          </NavLink>
          <NavLink
            activeClassName="active"
            className="inactive mx-2"
            exact={true}
            to="/CustomerDashboardTask"
          >
            Tasks
          </NavLink>
          <NavLink
            activeClassName="active"
            className="inactive mx-2"
            exact={true}
            to="/CustomerProfile"
          >
            My Profile
          </NavLink>
          <NavLink
            activeClassName="active"
            className="inactive mx-2"
            exact={true}
            to="/feedback"
          >
            Rate Us
          </NavLink>
        </Nav>
      </NavbarCollapse>
      <Button
        active={false}
        disabled={false}
        onClick={[Function]}
        variant="danger"
      >
        LOGOUT
      </Button>
    </Navbar>
  </styled.div>,
]
`;
