// Jest Snapshot v1, https://goo.gl/fbAQLP

exports[`Admin NavBar should render my component 1`] = `
Array [
  <styled.div>
    <Navbar
      collapseOnSelect={false}
      expand="xl"
      fixed="top"
      variant="light"
    >
      <NavbarBrand
        href="/AdminHome"
      >
        <img
          className="d-inline align-top"
          height="60"
          src="mylogo.png"
          width="60"
        />
        SELF HELP
        <br />
        <h5
          className="heading"
        >
          A Helping Hand
        </h5>
      </NavbarBrand>
      <NavbarToggle
        aria-controls="basic-navbar-nav"
        label="Toggle navigation"
      />
      <NavbarCollapse
        id="basic-navbar-nav"
      >
        <Nav
          className="mr-auto ml-4"
          fill={false}
          justify={false}
        >
          <NavLink
            activeClassName="active"
            className="inactive mx-2"
            exact={true}
            to="/AdminHome"
          >
            Home
          </NavLink>
          <NavLink
            activeClassName="active"
            className="inactive mx-2"
            exact={true}
            to="/CustomerDetails"
          >
            Customers
          </NavLink>
          <NavLink
            activeClassName="active"
            className="inactive mx-2"
            exact={true}
            to="/VolunteerDetails"
          >
            Volunteers
          </NavLink>
          <NavLink
            activeClassName="active"
            className="inactive mx-2"
            exact={true}
            to="/TaskManager"
          >
            Task Manager
          </NavLink>
          <NavLink
            activeClassName="active"
            className="inactive mx-2"
            exact={true}
            to="/Facilities"
          >
            Facilities
          </NavLink>
        </Nav>
      </NavbarCollapse>
      <Button
        active={false}
        disabled={false}
        onClick={[Function]}
        variant="danger"
      >
        LOGOUT
      </Button>
    </Navbar>
  </styled.div>,
]
`;
