// Jest Snapshot v1, https://goo.gl/fbAQLP

exports[`All Facility should render my component 1`] = `
Array [
  <React.Fragment>
    <AdminNavigationBar />
    <br />
    <br />
    <br />
    <br />
    <br />
    <br />
    <div
      className="description-package"
      id="description"
    >
      <div
        className="container"
      >
        <div
          className="content"
        >
          <div
            className="box wow bounceInUp"
          >
            <div
              className="inner"
            >
              <div
                className="price-tag"
              >
                Ambulance
              </div>
              <div
                className="img"
              >
                <img
                  alt="price"
                  src="AdminAmbulance.jpeg"
                />
              </div>
              <div
                className="text"
              >
                <p>
                  We provide 24/7 ambulance which is medically equipped vehicle which transports patients to treatment facilities,such as hospitals.Typically, out-of-hospital medical care is provided to the patient.
                </p>
              </div>
            </div>
          </div>
          <div
            className="box wow bounceInUp"
          >
            <div
              className="inner"
            >
              <div
                className="price-tag"
              >
                Doctor
              </div>
              <div
                className="img"
              >
                <img
                  alt="price"
                  src="AdminDoctor.jpeg"
                />
              </div>
              <div
                className="text"
              >
                <p>
                  We create the same ecosystem and infrastructure as in a hospital in the comfort of one’s home.This is made possible by accessibility to a Specialist,Diagnostics, Pharmacy and the use of technology.
                </p>
              </div>
            </div>
          </div>
          <div
            className="box wow bounceInUp"
          >
            <div
              className="inner"
            >
              <div
                className="price-tag"
              >
                Medicine Delivery
              </div>
              <div
                className="img"
              >
                <img
                  alt="price"
                  src="AdminMedicine.jpg"
                />
              </div>
              <div
                className="text"
              >
                <p>
                  Get your prescription medicines conveniently delivered right at your doorstep. All medicine orders can be made cashless based on your domiciliary cover and as per the terms set out in your policy.
                </p>
              </div>
            </div>
          </div>
        </div>
      </div>
    </div>
    <div
      className="description-package"
      id="description"
    >
      <div
        className="container"
      >
        <div
          className="content"
        >
          <div
            className="box wow bounceInUp"
          >
            <div
              className="inner"
            >
              <div
                className="price-tag"
              >
                House Cleaning
              </div>
              <div
                className="img"
              >
                <img
                  alt="price"
                  src="AdminHouseCleaning.jpg"
                />
              </div>
              <div
                className="text"
              >
                <p>
                  we offer professional cleaning and grooming delivered on a schedule that works for you. We’ll clean your home and surroundings for you so you can have more time for your loved ones, hobbies, and interests.
                </p>
              </div>
            </div>
          </div>
          <div
            className="box wow bounceInUp"
          >
            <div
              className="inner"
            >
              <div
                className="price-tag"
              >
                Grocery Delivery
              </div>
              <div
                className="img"
              >
                <img
                  alt="price"
                  src="AdminHome_3.jpg"
                />
              </div>
              <div
                className="text"
              >
                <p>
                  The service will deliver groceries, household items and other vital necessities to those who are 60 years old or older, or have a permanent or temporary disability, or those people ages 18 to 59 who are “dependent adults.”
                </p>
              </div>
            </div>
          </div>
          <div
            className="box wow bounceInUp"
          >
            <div
              className="inner"
            >
              <div
                className="price-tag"
              >
                Plumber
              </div>
              <div
                className="img"
              >
                <img
                  alt="price"
                  src="AdminPlumber.jpg"
                />
              </div>
              <div
                className="text"
              >
                <p>
                  It makes a lot of sense when you need plumbing or plumbing-related work done to make a single call to one shop for all the work. At PlumbWise, Inc. we provide a very wide range of services to our customers.
                </p>
              </div>
            </div>
          </div>
        </div>
      </div>
    </div>
    <div
      className="description-package"
      id="description"
    >
      <div
        className="container"
      >
        <div
          className="content"
        >
          <div
            className="box wow bounceInUp"
          >
            <div
              className="inner"
            >
              <div
                className="price-tag"
              >
                Morning Walk
              </div>
              <div
                className="img"
              >
                <img
                  alt="price"
                  src="AdminMorningWalk.jpg"
                />
              </div>
              <div
                className="text"
              >
                <p>
                  Experts have said that walking could be the best exercise for seniors. it’s an effective way to reduce the risk for chronic conditions and improve your overall health.walking offers numerous heart health benefits.
                </p>
              </div>
            </div>
          </div>
          <div
            className="box wow bounceInUp"
          >
            <div
              className="inner"
            >
              <div
                className="price-tag"
              >
                Evening Walk
              </div>
              <div
                className="img"
              >
                <img
                  alt="price"
                  src="AdminEveningWalk.jpg"
                />
              </div>
              <div
                className="text"
              >
                <p>
                  Experts have said that walking could be the best exercise for seniors. it’s an effective way to reduce the risk for chronic conditions and improve your overall health.walking offers numerous heart health benefits.
                </p>
              </div>
            </div>
          </div>
          <div
            className="box wow bounceInUp"
          >
            <div
              className="inner"
            >
              <div
                className="price-tag"
              >
                Locomotive Services
              </div>
              <div
                className="img"
              >
                <img
                  alt="price"
                  src="AdminLocomotive.jpg"
                />
              </div>
              <div
                className="text"
              >
                <p>
                  It include transporting the elderly.It provides a modified car that accommodates those on wheelchair for a seamless commute. The vehicle is fitted with a lift that person and strap them in the seat for comfort.
                </p>
              </div>
            </div>
          </div>
        </div>
      </div>
    </div>
    <Footer />
  </React.Fragment>,
]
`;
